
Kenn@LAPTOP-GIC6FL6E MINGW64 ~
$ cd desktop

Kenn@LAPTOP-GIC6FL6E MINGW64 ~/desktop
$ cd dojoassignments

Kenn@LAPTOP-GIC6FL6E MINGW64 ~/desktop/dojoassignments
$ cd webfundamentals

Kenn@LAPTOP-GIC6FL6E MINGW64 ~/desktop/dojoassignments/webfundamentals
$ cd git

Kenn@LAPTOP-GIC6FL6E MINGW64 ~/desktop/dojoassignments/webfundamentals/git
$ cd githubrepoassignment

Kenn@LAPTOP-GIC6FL6E MINGW64 ~/desktop/dojoassignments/webfundamentals/git/githubrepoassignment
$ git init
Initialized empty Git repository in C:/Users/Kenn/Desktop/dojoassignments/webfundamentals/Git/githubrepoassignment/.git/

Kenn@LAPTOP-GIC6FL6E MINGW64 ~/desktop/dojoassignments/webfundamentals/git/githubrepoassignment (master)
$ touch readme.md

Kenn@LAPTOP-GIC6FL6E MINGW64 ~/desktop/dojoassignments/webfundamentals/git/githubrepoassignment (master)
$ git add readme.md

Kenn@LAPTOP-GIC6FL6E MINGW64 ~/desktop/dojoassignments/webfundamentals/git/githubrepoassignment (master)
$ git status
On branch master

Initial commit

Changes to be committed:
  (use "git rm --cached <file>..." to unstage)

        new file:   readme.md


Kenn@LAPTOP-GIC6FL6E MINGW64 ~/desktop/dojoassignments/webfundamentals/git/githubrepoassignment (master)
$ git commit -m 'inital commit'
[master (root-commit) b52edc8] inital commit
 1 file changed, 1 insertion(+)
 create mode 100644 readme.md

Kenn@LAPTOP-GIC6FL6E MINGW64 ~/desktop/dojoassignments/webfundamentals/git/githubrepoassignment (master)
$ git remote add origin https://github.com/KennyTheWizard/GitHubRepoAssignment.git

Kenn@LAPTOP-GIC6FL6E MINGW64 ~/desktop/dojoassignments/webfundamentals/git/githubrepoassignment (master)
$ git push -u origin master
Counting objects: 3, done.
Writing objects: 100% (3/3), 246 bytes | 0 bytes/s, done.
Total 3 (delta 0), reused 0 (delta 0)
To https://github.com/KennyTheWizard/GitHubRepoAssignment.git
 * [new branch]      master -> master
Branch master set up to track remote branch master from origin.

Kenn@LAPTOP-GIC6FL6E MINGW64 ~/desktop/dojoassignments/webfundamentals/git/githubrepoassignment (master)
$
